// Jest Snapshot v1, https://goo.gl/fbAQLP

exports[`Pruebas en <GifGridItem> debe mostrar componente correctamente 1`] = `
<div
  className="card"
>
  <img
    alt="Algun titulo"
    src="alguna url"
  />
  <p>
     
    Algun titulo
     
  </p>
</div>
`;
