// Jest Snapshot v1, https://goo.gl/fbAQLP

exports[`Pruebas en <GifGrid> debe mostrar componente correctamente 1`] = `
<Fragment>
  <h3>
     
    Alguna categoria
     
  </h3>
  <p>
    Cargando...
  </p>
  <div
    className="card-grid"
  />
</Fragment>
`;
